// Jest Snapshot v1, https://goo.gl/fbAQLP

exports[`Tag Component > render the component 1`] = `
<View>
  <Text>
    scotty
  </Text>
</View>
`;
